2025-03-11 23:33:00,927 - INFO - logging in using static token
2025-03-11 23:33:01,784 - INFO - Shard ID None has connected to Gateway (Session ID: 1e3e8685a77c6b2e50e605e60ddfc4d4).
2025-03-11 23:34:35,254 - INFO - logging in using static token
2025-03-11 23:34:36,047 - INFO - Shard ID None has connected to Gateway (Session ID: 55afe74d25fb1283f8990edc369c6a53).
2025-03-11 23:34:52,979 - ERROR - Error occurred: unhashable type: 'set'
2025-03-11 23:41:49,363 - INFO - logging in using static token
2025-03-11 23:41:50,116 - INFO - Shard ID None has connected to Gateway (Session ID: 30fd7720db41a70b2f923e108bc90b53).
2025-03-11 23:42:04,420 - ERROR - Error occurred: unhashable type: 'set'
2025-03-11 23:43:50,674 - INFO - logging in using static token
2025-03-11 23:43:51,442 - INFO - Shard ID None has connected to Gateway (Session ID: a6f292211d733e41a7212dd923487f90).
2025-03-12 00:12:51,208 - INFO - logging in using static token
2025-03-12 00:12:52,409 - INFO - Shard ID None has connected to Gateway (Session ID: 0f4910c741c8ce81d30c6e350a07b735).
2025-03-12 00:24:38,125 - INFO - logging in using static token
2025-03-12 00:24:39,021 - INFO - Shard ID None has connected to Gateway (Session ID: 429d25a47abde046b7cf41149fb1ef02).
2025-03-12 00:27:51,298 - INFO - logging in using static token
2025-03-12 00:27:52,058 - INFO - Shard ID None has connected to Gateway (Session ID: fe9f949e69cd3d3c2d4130b59b7f8654).
